2026-03-22 21:44:09,424 - aiogram.dispatcher - INFO - Start polling
2026-03-22 21:44:09,648 - aiogram.dispatcher - INFO - Run polling for bot @trrrrdbiin_bot id=7349237883 - 'trrrrdbiinbot'
2026-03-22 21:45:18,181 - aiogram.dispatcher - ERROR - Failed to fetch updates - TelegramConflictError: Telegram server says - Conflict: terminated by other getUpdates request; make sure that only one bot instance is running
2026-03-22 21:45:18,183 - aiogram.dispatcher - WARNING - Sleep for 1.000000 seconds and try again... (tryings = 0, bot id = 7349237883)
2026-03-22 21:45:23,555 - aiogram.dispatcher - ERROR - Failed to fetch updates - TelegramConflictError: Telegram server says - Conflict: terminated by other getUpdates request; make sure that only one bot instance is running
2026-03-22 21:45:23,556 - aiogram.dispatcher - WARNING - Sleep for 1.264922 seconds and try again... (tryings = 1, bot id = 7349237883)
2026-03-22 21:45:29,186 - aiogram.dispatcher - ERROR - Failed to fetch updates - TelegramConflictError: Telegram server says - Conflict: terminated by other getUpdates request; make sure that only one bot instance is running
2026-03-22 21:45:29,186 - aiogram.dispatcher - WARNING - Sleep for 1.558423 seconds and try again... (tryings = 2, bot id = 7349237883)
2026-03-22 21:45:35,404 - aiogram.dispatcher - ERROR - Failed to fetch updates - TelegramConflictError: Telegram server says - Conflict: terminated by other getUpdates request; make sure that only one bot instance is running
2026-03-22 21:45:35,405 - aiogram.dispatcher - WARNING - Sleep for 2.071048 seconds and try again... (tryings = 3, bot id = 7349237883)
2026-03-22 21:45:42,650 - aiogram.dispatcher - ERROR - Failed to fetch updates - TelegramConflictError: Telegram server says - Conflict: terminated by other getUpdates request; make sure that only one bot instance is running
2026-03-22 21:45:42,651 - aiogram.dispatcher - WARNING - Sleep for 2.587596 seconds and try again... (tryings = 4, bot id = 7349237883)
2026-03-22 21:45:51,187 - aiogram.dispatcher - ERROR - Failed to fetch updates - TelegramConflictError: Telegram server says - Conflict: terminated by other getUpdates request; make sure that only one bot instance is running
2026-03-22 21:45:51,188 - aiogram.dispatcher - WARNING - Sleep for 3.395149 seconds and try again... (tryings = 5, bot id = 7349237883)
2026-03-22 21:45:58,329 - aiogram.dispatcher - ERROR - Failed to fetch updates - TelegramConflictError: Telegram server says - Conflict: terminated by other getUpdates request; make sure that only one bot instance is running
2026-03-22 21:45:58,330 - aiogram.dispatcher - WARNING - Sleep for 4.253757 seconds and try again... (tryings = 6, bot id = 7349237883)
2026-03-22 21:46:07,358 - aiogram.dispatcher - ERROR - Failed to fetch updates - TelegramConflictError: Telegram server says - Conflict: terminated by other getUpdates request; make sure that only one bot instance is running
2026-03-22 21:46:07,359 - aiogram.dispatcher - WARNING - Sleep for 4.907094 seconds and try again... (tryings = 7, bot id = 7349237883)
2026-03-22 21:46:17,332 - aiogram.dispatcher - ERROR - Failed to fetch updates - TelegramConflictError: Telegram server says - Conflict: terminated by other getUpdates request; make sure that only one bot instance is running
2026-03-22 21:46:17,333 - aiogram.dispatcher - WARNING - Sleep for 5.018153 seconds and try again... (tryings = 8, bot id = 7349237883)
2026-03-22 21:46:27,470 - aiogram.dispatcher - ERROR - Failed to fetch updates - TelegramConflictError: Telegram server says - Conflict: terminated by other getUpdates request; make sure that only one bot instance is running
2026-03-22 21:46:27,471 - aiogram.dispatcher - WARNING - Sleep for 4.994742 seconds and try again... (tryings = 9, bot id = 7349237883)
2026-03-22 21:46:37,511 - aiogram.dispatcher - ERROR - Failed to fetch updates - TelegramConflictError: Telegram server says - Conflict: terminated by other getUpdates request; make sure that only one bot instance is running
2026-03-22 21:46:37,511 - aiogram.dispatcher - WARNING - Sleep for 4.853209 seconds and try again... (tryings = 10, bot id = 7349237883)
2026-03-22 21:46:47,538 - aiogram.dispatcher - ERROR - Failed to fetch updates - TelegramConflictError: Telegram server says - Conflict: terminated by other getUpdates request; make sure that only one bot instance is running
2026-03-22 21:46:47,538 - aiogram.dispatcher - WARNING - Sleep for 5.136064 seconds and try again... (tryings = 11, bot id = 7349237883)
2026-03-22 21:46:57,633 - aiogram.dispatcher - ERROR - Failed to fetch updates - TelegramConflictError: Telegram server says - Conflict: terminated by other getUpdates request; make sure that only one bot instance is running
2026-03-22 21:46:57,633 - aiogram.dispatcher - WARNING - Sleep for 5.005014 seconds and try again... (tryings = 12, bot id = 7349237883)
2026-03-22 21:47:07,844 - aiogram.dispatcher - ERROR - Failed to fetch updates - TelegramConflictError: Telegram server says - Conflict: terminated by other getUpdates request; make sure that only one bot instance is running
2026-03-22 21:47:07,844 - aiogram.dispatcher - WARNING - Sleep for 5.025191 seconds and try again... (tryings = 13, bot id = 7349237883)
2026-03-22 21:47:17,880 - aiogram.dispatcher - ERROR - Failed to fetch updates - TelegramConflictError: Telegram server says - Conflict: terminated by other getUpdates request; make sure that only one bot instance is running
2026-03-22 21:47:17,881 - aiogram.dispatcher - WARNING - Sleep for 5.086565 seconds and try again... (tryings = 14, bot id = 7349237883)
2026-03-22 21:47:28,095 - aiogram.dispatcher - ERROR - Failed to fetch updates - TelegramConflictError: Telegram server says - Conflict: terminated by other getUpdates request; make sure that only one bot instance is running
2026-03-22 21:47:28,096 - aiogram.dispatcher - WARNING - Sleep for 4.962931 seconds and try again... (tryings = 15, bot id = 7349237883)
2026-03-22 21:47:38,136 - aiogram.dispatcher - ERROR - Failed to fetch updates - TelegramConflictError: Telegram server says - Conflict: terminated by other getUpdates request; make sure that only one bot instance is running
2026-03-22 21:47:38,136 - aiogram.dispatcher - WARNING - Sleep for 4.995508 seconds and try again... (tryings = 16, bot id = 7349237883)
2026-03-22 21:47:48,608 - aiogram.dispatcher - ERROR - Failed to fetch updates - TelegramConflictError: Telegram server says - Conflict: terminated by other getUpdates request; make sure that only one bot instance is running
2026-03-22 21:47:48,608 - aiogram.dispatcher - WARNING - Sleep for 4.826796 seconds and try again... (tryings = 17, bot id = 7349237883)
2026-03-22 21:47:58,330 - aiogram.dispatcher - ERROR - Failed to fetch updates - TelegramConflictError: Telegram server says - Conflict: terminated by other getUpdates request; make sure that only one bot instance is running
2026-03-22 21:47:58,331 - aiogram.dispatcher - WARNING - Sleep for 4.998810 seconds and try again... (tryings = 18, bot id = 7349237883)
2026-03-22 21:48:08,447 - aiogram.dispatcher - ERROR - Failed to fetch updates - TelegramConflictError: Telegram server says - Conflict: terminated by other getUpdates request; make sure that only one bot instance is running
2026-03-22 21:48:08,448 - aiogram.dispatcher - WARNING - Sleep for 4.937551 seconds and try again... (tryings = 19, bot id = 7349237883)
2026-03-22 21:48:18,448 - aiogram.dispatcher - ERROR - Failed to fetch updates - TelegramConflictError: Telegram server says - Conflict: terminated by other getUpdates request; make sure that only one bot instance is running
2026-03-22 21:48:18,448 - aiogram.dispatcher - WARNING - Sleep for 5.157180 seconds and try again... (tryings = 20, bot id = 7349237883)
2026-03-22 21:48:28,717 - aiogram.dispatcher - ERROR - Failed to fetch updates - TelegramConflictError: Telegram server says - Conflict: terminated by other getUpdates request; make sure that only one bot instance is running
2026-03-22 21:48:28,718 - aiogram.dispatcher - WARNING - Sleep for 5.036426 seconds and try again... (tryings = 21, bot id = 7349237883)
2026-03-22 21:48:38,881 - aiogram.dispatcher - ERROR - Failed to fetch updates - TelegramConflictError: Telegram server says - Conflict: terminated by other getUpdates request; make sure that only one bot instance is running
2026-03-22 21:48:38,883 - aiogram.dispatcher - WARNING - Sleep for 5.126623 seconds and try again... (tryings = 22, bot id = 7349237883)
2026-03-22 21:48:49,030 - aiogram.dispatcher - ERROR - Failed to fetch updates - TelegramConflictError: Telegram server says - Conflict: terminated by other getUpdates request; make sure that only one bot instance is running
2026-03-22 21:48:49,030 - aiogram.dispatcher - WARNING - Sleep for 5.080287 seconds and try again... (tryings = 23, bot id = 7349237883)
2026-03-22 21:48:59,265 - aiogram.dispatcher - ERROR - Failed to fetch updates - TelegramConflictError: Telegram server says - Conflict: terminated by other getUpdates request; make sure that only one bot instance is running
2026-03-22 21:48:59,266 - aiogram.dispatcher - WARNING - Sleep for 4.982241 seconds and try again... (tryings = 24, bot id = 7349237883)
2026-03-22 21:49:09,372 - aiogram.dispatcher - ERROR - Failed to fetch updates - TelegramConflictError: Telegram server says - Conflict: terminated by other getUpdates request; make sure that only one bot instance is running
2026-03-22 21:49:09,373 - aiogram.dispatcher - WARNING - Sleep for 5.009067 seconds and try again... (tryings = 25, bot id = 7349237883)
2026-03-22 21:49:19,574 - aiogram.dispatcher - ERROR - Failed to fetch updates - TelegramConflictError: Telegram server says - Conflict: terminated by other getUpdates request; make sure that only one bot instance is running
2026-03-22 21:49:19,574 - aiogram.dispatcher - WARNING - Sleep for 4.944269 seconds and try again... (tryings = 26, bot id = 7349237883)
2026-03-22 21:49:26,456 - aiogram.dispatcher - INFO - Connection established (tryings = 27, bot id = 7349237883)
2026-03-22 21:49:26,766 - aiogram.event - INFO - Update id=313221984 is handled. Duration 304 ms by bot id=7349237883
2026-03-22 21:49:32,189 - aiogram.dispatcher - ERROR - Failed to fetch updates - TelegramConflictError: Telegram server says - Conflict: terminated by other getUpdates request; make sure that only one bot instance is running
2026-03-22 21:49:32,190 - aiogram.dispatcher - WARNING - Sleep for 1.000000 seconds and try again... (tryings = 0, bot id = 7349237883)
2026-03-22 21:49:38,307 - aiogram.dispatcher - ERROR - Failed to fetch updates - TelegramConflictError: Telegram server says - Conflict: terminated by other getUpdates request; make sure that only one bot instance is running
2026-03-22 21:49:38,307 - aiogram.dispatcher - WARNING - Sleep for 1.380443 seconds and try again... (tryings = 1, bot id = 7349237883)
2026-03-22 21:49:47,626 - aiogram.dispatcher - ERROR - Failed to fetch updates - TelegramConflictError: Telegram server says - Conflict: terminated by other getUpdates request; make sure that only one bot instance is running
2026-03-22 21:49:47,626 - aiogram.dispatcher - WARNING - Sleep for 1.840788 seconds and try again... (tryings = 2, bot id = 7349237883)
2026-03-22 21:49:57,710 - aiogram.dispatcher - ERROR - Failed to fetch updates - TelegramConflictError: Telegram server says - Conflict: terminated by other getUpdates request; make sure that only one bot instance is running
2026-03-22 21:49:57,710 - aiogram.dispatcher - WARNING - Sleep for 2.293291 seconds and try again... (tryings = 3, bot id = 7349237883)
2026-03-22 21:50:08,168 - aiogram.dispatcher - ERROR - Failed to fetch updates - TelegramConflictError: Telegram server says - Conflict: terminated by other getUpdates request; make sure that only one bot instance is running
2026-03-22 21:50:08,169 - aiogram.dispatcher - WARNING - Sleep for 2.794316 seconds and try again... (tryings = 4, bot id = 7349237883)
2026-03-22 21:50:19,121 - aiogram.dispatcher - ERROR - Failed to fetch updates - TelegramConflictError: Telegram server says - Conflict: terminated by other getUpdates request; make sure that only one bot instance is running
2026-03-22 21:50:19,122 - aiogram.dispatcher - WARNING - Sleep for 3.645503 seconds and try again... (tryings = 5, bot id = 7349237883)
2026-03-22 21:50:27,766 - aiogram.dispatcher - ERROR - Failed to fetch updates - TelegramConflictError: Telegram server says - Conflict: terminated by other getUpdates request; make sure that only one bot instance is running
2026-03-22 21:50:27,766 - aiogram.dispatcher - WARNING - Sleep for 4.762210 seconds and try again... (tryings = 6, bot id = 7349237883)
2026-03-22 21:50:37,662 - aiogram.dispatcher - ERROR - Failed to fetch updates - TelegramConflictError: Telegram server says - Conflict: terminated by other getUpdates request; make sure that only one bot instance is running
2026-03-22 21:50:37,664 - aiogram.dispatcher - WARNING - Sleep for 4.873747 seconds and try again... (tryings = 7, bot id = 7349237883)
2026-03-22 21:50:47,637 - aiogram.dispatcher - ERROR - Failed to fetch updates - TelegramConflictError: Telegram server says - Conflict: terminated by other getUpdates request; make sure that only one bot instance is running
2026-03-22 21:50:47,638 - aiogram.dispatcher - WARNING - Sleep for 4.811618 seconds and try again... (tryings = 8, bot id = 7349237883)
2026-03-22 21:50:57,506 - aiogram.dispatcher - ERROR - Failed to fetch updates - TelegramConflictError: Telegram server says - Conflict: terminated by other getUpdates request; make sure that only one bot instance is running
2026-03-22 21:50:57,507 - aiogram.dispatcher - WARNING - Sleep for 4.857922 seconds and try again... (tryings = 9, bot id = 7349237883)
2026-03-22 21:51:07,355 - aiogram.dispatcher - ERROR - Failed to fetch updates - TelegramConflictError: Telegram server says - Conflict: terminated by other getUpdates request; make sure that only one bot instance is running
2026-03-22 21:51:07,356 - aiogram.dispatcher - WARNING - Sleep for 5.010540 seconds and try again... (tryings = 10, bot id = 7349237883)
2026-03-22 21:51:17,638 - aiogram.dispatcher - ERROR - Failed to fetch updates - TelegramConflictError: Telegram server says - Conflict: terminated by other getUpdates request; make sure that only one bot instance is running
2026-03-22 21:51:17,639 - aiogram.dispatcher - WARNING - Sleep for 4.902356 seconds and try again... (tryings = 11, bot id = 7349237883)
2026-03-22 21:51:27,528 - aiogram.dispatcher - ERROR - Failed to fetch updates - TelegramConflictError: Telegram server says - Conflict: terminated by other getUpdates request; make sure that only one bot instance is running
2026-03-22 21:51:27,528 - aiogram.dispatcher - WARNING - Sleep for 4.963419 seconds and try again... (tryings = 12, bot id = 7349237883)
2026-03-22 21:51:37,692 - aiogram.dispatcher - ERROR - Failed to fetch updates - TelegramConflictError: Telegram server says - Conflict: terminated by other getUpdates request; make sure that only one bot instance is running
2026-03-22 21:51:37,693 - aiogram.dispatcher - WARNING - Sleep for 4.961806 seconds and try again... (tryings = 13, bot id = 7349237883)
2026-03-22 21:51:47,567 - aiogram.dispatcher - ERROR - Failed to fetch updates - TelegramConflictError: Telegram server says - Conflict: terminated by other getUpdates request; make sure that only one bot instance is running
2026-03-22 21:51:47,568 - aiogram.dispatcher - WARNING - Sleep for 5.136230 seconds and try again... (tryings = 14, bot id = 7349237883)
2026-03-22 21:51:57,891 - aiogram.dispatcher - ERROR - Failed to fetch updates - TelegramConflictError: Telegram server says - Conflict: terminated by other getUpdates request; make sure that only one bot instance is running
2026-03-22 21:51:57,891 - aiogram.dispatcher - WARNING - Sleep for 5.100100 seconds and try again... (tryings = 15, bot id = 7349237883)
2026-03-22 21:52:07,872 - aiogram.dispatcher - ERROR - Failed to fetch updates - TelegramConflictError: Telegram server says - Conflict: terminated by other getUpdates request; make sure that only one bot instance is running
2026-03-22 21:52:07,872 - aiogram.dispatcher - WARNING - Sleep for 4.960334 seconds and try again... (tryings = 16, bot id = 7349237883)
2026-03-22 21:52:17,935 - aiogram.dispatcher - ERROR - Failed to fetch updates - TelegramConflictError: Telegram server says - Conflict: terminated by other getUpdates request; make sure that only one bot instance is running
2026-03-22 21:52:17,936 - aiogram.dispatcher - WARNING - Sleep for 4.995636 seconds and try again... (tryings = 17, bot id = 7349237883)
2026-03-22 21:52:28,032 - aiogram.dispatcher - ERROR - Failed to fetch updates - TelegramConflictError: Telegram server says - Conflict: terminated by other getUpdates request; make sure that only one bot instance is running
2026-03-22 21:52:28,033 - aiogram.dispatcher - WARNING - Sleep for 4.965169 seconds and try again... (tryings = 18, bot id = 7349237883)
2026-03-22 21:52:38,237 - aiogram.dispatcher - ERROR - Failed to fetch updates - TelegramConflictError: Telegram server says - Conflict: terminated by other getUpdates request; make sure that only one bot instance is running
2026-03-22 21:52:38,237 - aiogram.dispatcher - WARNING - Sleep for 4.983368 seconds and try again... (tryings = 19, bot id = 7349237883)
2026-03-22 21:52:48,272 - aiogram.dispatcher - INFO - Connection established (tryings = 20, bot id = 7349237883)
2026-03-22 21:52:48,355 - aiogram.dispatcher - ERROR - Failed to fetch updates - TelegramConflictError: Telegram server says - Conflict: terminated by other getUpdates request; make sure that only one bot instance is running
2026-03-22 21:52:48,355 - aiogram.dispatcher - WARNING - Sleep for 1.000000 seconds and try again... (tryings = 0, bot id = 7349237883)
2026-03-22 21:52:54,077 - aiogram.dispatcher - ERROR - Failed to fetch updates - TelegramConflictError: Telegram server says - Conflict: terminated by other getUpdates request; make sure that only one bot instance is running
2026-03-22 21:52:54,078 - aiogram.dispatcher - WARNING - Sleep for 1.236283 seconds and try again... (tryings = 1, bot id = 7349237883)
2026-03-22 21:52:59,714 - aiogram.dispatcher - ERROR - Failed to fetch updates - TelegramConflictError: Telegram server says - Conflict: terminated by other getUpdates request; make sure that only one bot instance is running
2026-03-22 21:52:59,714 - aiogram.dispatcher - WARNING - Sleep for 1.489391 seconds and try again... (tryings = 2, bot id = 7349237883)
2026-03-22 21:53:06,143 - aiogram.dispatcher - ERROR - Failed to fetch updates - TelegramConflictError: Telegram server says - Conflict: terminated by other getUpdates request; make sure that only one bot instance is running
2026-03-22 21:53:06,144 - aiogram.dispatcher - WARNING - Sleep for 1.850487 seconds and try again... (tryings = 3, bot id = 7349237883)
2026-03-22 21:53:13,395 - aiogram.dispatcher - ERROR - Failed to fetch updates - TelegramConflictError: Telegram server says - Conflict: terminated by other getUpdates request; make sure that only one bot instance is running
2026-03-22 21:53:13,396 - aiogram.dispatcher - WARNING - Sleep for 2.467508 seconds and try again... (tryings = 4, bot id = 7349237883)
2026-03-22 21:53:21,969 - aiogram.dispatcher - ERROR - Failed to fetch updates - TelegramConflictError: Telegram server says - Conflict: terminated by other getUpdates request; make sure that only one bot instance is running
2026-03-22 21:53:21,969 - aiogram.dispatcher - WARNING - Sleep for 3.243533 seconds and try again... (tryings = 5, bot id = 7349237883)
2026-03-22 21:53:29,086 - aiogram.dispatcher - ERROR - Failed to fetch updates - TelegramConflictError: Telegram server says - Conflict: terminated by other getUpdates request; make sure that only one bot instance is running
2026-03-22 21:53:29,087 - aiogram.dispatcher - WARNING - Sleep for 4.305787 seconds and try again... (tryings = 6, bot id = 7349237883)
2026-03-22 21:53:38,443 - aiogram.dispatcher - ERROR - Failed to fetch updates - TelegramConflictError: Telegram server says - Conflict: terminated by other getUpdates request; make sure that only one bot instance is running
2026-03-22 21:53:38,443 - aiogram.dispatcher - WARNING - Sleep for 4.947182 seconds and try again... (tryings = 7, bot id = 7349237883)
2026-03-22 21:53:48,470 - aiogram.dispatcher - ERROR - Failed to fetch updates - TelegramConflictError: Telegram server says - Conflict: terminated by other getUpdates request; make sure that only one bot instance is running
2026-03-22 21:53:48,471 - aiogram.dispatcher - WARNING - Sleep for 4.839152 seconds and try again... (tryings = 8, bot id = 7349237883)
2026-03-22 21:53:58,350 - aiogram.dispatcher - ERROR - Failed to fetch updates - TelegramConflictError: Telegram server says - Conflict: terminated by other getUpdates request; make sure that only one bot instance is running
2026-03-22 21:53:58,352 - aiogram.dispatcher - WARNING - Sleep for 5.130968 seconds and try again... (tryings = 9, bot id = 7349237883)
2026-03-22 21:54:08,725 - aiogram.dispatcher - ERROR - Failed to fetch updates - TelegramConflictError: Telegram server says - Conflict: terminated by other getUpdates request; make sure that only one bot instance is running
2026-03-22 21:54:08,725 - aiogram.dispatcher - WARNING - Sleep for 5.143248 seconds and try again... (tryings = 10, bot id = 7349237883)
2026-03-22 21:54:18,829 - aiogram.dispatcher - ERROR - Failed to fetch updates - TelegramConflictError: Telegram server says - Conflict: terminated by other getUpdates request; make sure that only one bot instance is running
2026-03-22 21:54:18,830 - aiogram.dispatcher - WARNING - Sleep for 4.949733 seconds and try again... (tryings = 11, bot id = 7349237883)
2026-03-22 21:54:28,660 - aiogram.dispatcher - ERROR - Failed to fetch updates - TelegramConflictError: Telegram server says - Conflict: terminated by other getUpdates request; make sure that only one bot instance is running
2026-03-22 21:54:28,661 - aiogram.dispatcher - WARNING - Sleep for 5.123331 seconds and try again... (tryings = 12, bot id = 7349237883)
2026-03-22 21:54:38,718 - aiogram.dispatcher - ERROR - Failed to fetch updates - TelegramConflictError: Telegram server says - Conflict: terminated by other getUpdates request; make sure that only one bot instance is running
2026-03-22 21:54:38,718 - aiogram.dispatcher - WARNING - Sleep for 4.869287 seconds and try again... (tryings = 13, bot id = 7349237883)
2026-03-22 21:54:48,684 - aiogram.dispatcher - ERROR - Failed to fetch updates - TelegramConflictError: Telegram server says - Conflict: terminated by other getUpdates request; make sure that only one bot instance is running
2026-03-22 21:54:48,686 - aiogram.dispatcher - WARNING - Sleep for 5.022111 seconds and try again... (tryings = 14, bot id = 7349237883)
2026-03-22 21:54:59,040 - aiogram.dispatcher - ERROR - Failed to fetch updates - TelegramConflictError: Telegram server says - Conflict: terminated by other getUpdates request; make sure that only one bot instance is running
2026-03-22 21:54:59,041 - aiogram.dispatcher - WARNING - Sleep for 5.191508 seconds and try again... (tryings = 15, bot id = 7349237883)
2026-03-22 21:55:09,410 - aiogram.dispatcher - ERROR - Failed to fetch updates - TelegramConflictError: Telegram server says - Conflict: terminated by other getUpdates request; make sure that only one bot instance is running
2026-03-22 21:55:09,411 - aiogram.dispatcher - WARNING - Sleep for 4.929961 seconds and try again... (tryings = 16, bot id = 7349237883)
2026-03-22 21:55:19,739 - aiogram.dispatcher - ERROR - Failed to fetch updates - TelegramConflictError: Telegram server says - Conflict: terminated by other getUpdates request; make sure that only one bot instance is running
2026-03-22 21:55:19,740 - aiogram.dispatcher - WARNING - Sleep for 4.856345 seconds and try again... (tryings = 17, bot id = 7349237883)
2026-03-22 21:55:30,113 - aiogram.dispatcher - ERROR - Failed to fetch updates - TelegramConflictError: Telegram server says - Conflict: terminated by other getUpdates request; make sure that only one bot instance is running
2026-03-22 21:55:30,114 - aiogram.dispatcher - WARNING - Sleep for 5.010011 seconds and try again... (tryings = 18, bot id = 7349237883)
2026-03-22 21:55:40,132 - aiogram.dispatcher - ERROR - Failed to fetch updates - TelegramConflictError: Telegram server says - Conflict: terminated by other getUpdates request; make sure that only one bot instance is running
2026-03-22 21:55:40,133 - aiogram.dispatcher - WARNING - Sleep for 4.865732 seconds and try again... (tryings = 19, bot id = 7349237883)
2026-03-22 21:55:50,084 - aiogram.dispatcher - ERROR - Failed to fetch updates - TelegramConflictError: Telegram server says - Conflict: terminated by other getUpdates request; make sure that only one bot instance is running
2026-03-22 21:55:50,085 - aiogram.dispatcher - WARNING - Sleep for 5.008790 seconds and try again... (tryings = 20, bot id = 7349237883)
2026-03-22 21:56:00,020 - aiogram.dispatcher - ERROR - Failed to fetch updates - TelegramConflictError: Telegram server says - Conflict: terminated by other getUpdates request; make sure that only one bot instance is running
2026-03-22 21:56:00,022 - aiogram.dispatcher - WARNING - Sleep for 5.092096 seconds and try again... (tryings = 21, bot id = 7349237883)
2026-03-22 21:56:10,402 - aiogram.dispatcher - ERROR - Failed to fetch updates - TelegramConflictError: Telegram server says - Conflict: terminated by other getUpdates request; make sure that only one bot instance is running
2026-03-22 21:56:10,403 - aiogram.dispatcher - WARNING - Sleep for 4.958049 seconds and try again... (tryings = 22, bot id = 7349237883)
2026-03-22 21:56:13,969 - aiogram.event - INFO - Update id=313221985 is handled. Duration 205694 ms by bot id=7349237883
2026-03-22 21:56:20,420 - aiogram.dispatcher - ERROR - Failed to fetch updates - TelegramConflictError: Telegram server says - Conflict: terminated by other getUpdates request; make sure that only one bot instance is running
2026-03-22 21:56:20,420 - aiogram.dispatcher - WARNING - Sleep for 4.879392 seconds and try again... (tryings = 23, bot id = 7349237883)
2026-03-22 21:56:30,469 - aiogram.dispatcher - ERROR - Failed to fetch updates - TelegramConflictError: Telegram server says - Conflict: terminated by other getUpdates request; make sure that only one bot instance is running
2026-03-22 21:56:30,470 - aiogram.dispatcher - WARNING - Sleep for 5.007027 seconds and try again... (tryings = 24, bot id = 7349237883)
2026-03-22 21:56:40,608 - aiogram.dispatcher - ERROR - Failed to fetch updates - TelegramConflictError: Telegram server says - Conflict: terminated by other getUpdates request; make sure that only one bot instance is running
2026-03-22 21:56:40,608 - aiogram.dispatcher - WARNING - Sleep for 4.782044 seconds and try again... (tryings = 25, bot id = 7349237883)
2026-03-22 21:56:50,440 - aiogram.dispatcher - ERROR - Failed to fetch updates - TelegramConflictError: Telegram server says - Conflict: terminated by other getUpdates request; make sure that only one bot instance is running
2026-03-22 21:56:50,441 - aiogram.dispatcher - WARNING - Sleep for 4.983856 seconds and try again... (tryings = 26, bot id = 7349237883)
2026-03-22 21:57:00,573 - aiogram.dispatcher - ERROR - Failed to fetch updates - TelegramConflictError: Telegram server says - Conflict: terminated by other getUpdates request; make sure that only one bot instance is running
2026-03-22 21:57:00,574 - aiogram.dispatcher - WARNING - Sleep for 5.020280 seconds and try again... (tryings = 27, bot id = 7349237883)
2026-03-22 21:57:10,676 - aiogram.dispatcher - ERROR - Failed to fetch updates - TelegramConflictError: Telegram server says - Conflict: terminated by other getUpdates request; make sure that only one bot instance is running
2026-03-22 21:57:10,677 - aiogram.dispatcher - WARNING - Sleep for 4.956016 seconds and try again... (tryings = 28, bot id = 7349237883)
2026-03-22 21:57:20,567 - aiogram.dispatcher - ERROR - Failed to fetch updates - TelegramConflictError: Telegram server says - Conflict: terminated by other getUpdates request; make sure that only one bot instance is running
2026-03-22 21:57:20,568 - aiogram.dispatcher - WARNING - Sleep for 4.974629 seconds and try again... (tryings = 29, bot id = 7349237883)
2026-03-22 21:57:30,468 - aiogram.dispatcher - ERROR - Failed to fetch updates - TelegramConflictError: Telegram server says - Conflict: terminated by other getUpdates request; make sure that only one bot instance is running
2026-03-22 21:57:30,468 - aiogram.dispatcher - WARNING - Sleep for 4.969688 seconds and try again... (tryings = 30, bot id = 7349237883)
2026-03-22 21:57:40,500 - aiogram.dispatcher - ERROR - Failed to fetch updates - TelegramConflictError: Telegram server says - Conflict: terminated by other getUpdates request; make sure that only one bot instance is running
2026-03-22 21:57:40,500 - aiogram.dispatcher - WARNING - Sleep for 4.930275 seconds and try again... (tryings = 31, bot id = 7349237883)
2026-03-22 21:57:50,554 - aiogram.dispatcher - ERROR - Failed to fetch updates - TelegramConflictError: Telegram server says - Conflict: terminated by other getUpdates request; make sure that only one bot instance is running
2026-03-22 21:57:50,554 - aiogram.dispatcher - WARNING - Sleep for 5.132055 seconds and try again... (tryings = 32, bot id = 7349237883)
2026-03-22 21:58:00,709 - aiogram.dispatcher - ERROR - Failed to fetch updates - TelegramConflictError: Telegram server says - Conflict: terminated by other getUpdates request; make sure that only one bot instance is running
2026-03-22 21:58:00,710 - aiogram.dispatcher - WARNING - Sleep for 4.973642 seconds and try again... (tryings = 33, bot id = 7349237883)
2026-03-22 21:58:10,864 - aiogram.dispatcher - ERROR - Failed to fetch updates - TelegramConflictError: Telegram server says - Conflict: terminated by other getUpdates request; make sure that only one bot instance is running
2026-03-22 21:58:10,864 - aiogram.dispatcher - WARNING - Sleep for 5.066057 seconds and try again... (tryings = 34, bot id = 7349237883)
2026-03-22 21:58:21,062 - aiogram.dispatcher - ERROR - Failed to fetch updates - TelegramConflictError: Telegram server says - Conflict: terminated by other getUpdates request; make sure that only one bot instance is running
2026-03-22 21:58:21,063 - aiogram.dispatcher - WARNING - Sleep for 5.073912 seconds and try again... (tryings = 35, bot id = 7349237883)
2026-03-22 21:58:31,161 - aiogram.dispatcher - ERROR - Failed to fetch updates - TelegramConflictError: Telegram server says - Conflict: terminated by other getUpdates request; make sure that only one bot instance is running
2026-03-22 21:58:31,161 - aiogram.dispatcher - WARNING - Sleep for 4.934381 seconds and try again... (tryings = 36, bot id = 7349237883)
2026-03-22 21:58:41,149 - aiogram.dispatcher - ERROR - Failed to fetch updates - TelegramConflictError: Telegram server says - Conflict: terminated by other getUpdates request; make sure that only one bot instance is running
2026-03-22 21:58:41,149 - aiogram.dispatcher - WARNING - Sleep for 4.912920 seconds and try again... (tryings = 37, bot id = 7349237883)
2026-03-22 21:58:51,191 - aiogram.dispatcher - ERROR - Failed to fetch updates - TelegramConflictError: Telegram server says - Conflict: terminated by other getUpdates request; make sure that only one bot instance is running
2026-03-22 21:58:51,191 - aiogram.dispatcher - WARNING - Sleep for 5.030208 seconds and try again... (tryings = 38, bot id = 7349237883)
2026-03-22 21:59:01,256 - aiogram.dispatcher - ERROR - Failed to fetch updates - TelegramConflictError: Telegram server says - Conflict: terminated by other getUpdates request; make sure that only one bot instance is running
2026-03-22 21:59:01,257 - aiogram.dispatcher - WARNING - Sleep for 4.905288 seconds and try again... (tryings = 39, bot id = 7349237883)
2026-03-22 21:59:07,751 - aiogram.dispatcher - INFO - Connection established (tryings = 40, bot id = 7349237883)
2026-03-22 21:59:07,925 - aiogram.event - INFO - Update id=313221986 is handled. Duration 169 ms by bot id=7349237883
2026-03-22 21:59:11,291 - aiogram.dispatcher - ERROR - Failed to fetch updates - TelegramConflictError: Telegram server says - Conflict: terminated by other getUpdates request; make sure that only one bot instance is running
2026-03-22 21:59:11,292 - aiogram.dispatcher - WARNING - Sleep for 1.000000 seconds and try again... (tryings = 0, bot id = 7349237883)
2026-03-22 21:59:20,244 - aiogram.dispatcher - ERROR - Failed to fetch updates - TelegramConflictError: Telegram server says - Conflict: terminated by other getUpdates request; make sure that only one bot instance is running
2026-03-22 21:59:20,245 - aiogram.dispatcher - WARNING - Sleep for 1.321759 seconds and try again... (tryings = 1, bot id = 7349237883)
2026-03-22 21:59:29,602 - aiogram.dispatcher - ERROR - Failed to fetch updates - TelegramConflictError: Telegram server says - Conflict: terminated by other getUpdates request; make sure that only one bot instance is running
2026-03-22 21:59:29,603 - aiogram.dispatcher - WARNING - Sleep for 1.666938 seconds and try again... (tryings = 2, bot id = 7349237883)
2026-03-22 21:59:39,260 - aiogram.dispatcher - ERROR - Failed to fetch updates - TelegramConflictError: Telegram server says - Conflict: terminated by other getUpdates request; make sure that only one bot instance is running
2026-03-22 21:59:39,260 - aiogram.dispatcher - WARNING - Sleep for 2.096285 seconds and try again... (tryings = 3, bot id = 7349237883)
2026-03-22 21:59:49,328 - aiogram.dispatcher - ERROR - Failed to fetch updates - TelegramConflictError: Telegram server says - Conflict: terminated by other getUpdates request; make sure that only one bot instance is running
2026-03-22 21:59:49,329 - aiogram.dispatcher - WARNING - Sleep for 2.655979 seconds and try again... (tryings = 4, bot id = 7349237883)
2026-03-22 22:00:00,056 - aiogram.dispatcher - ERROR - Failed to fetch updates - TelegramConflictError: Telegram server says - Conflict: terminated by other getUpdates request; make sure that only one bot instance is running
2026-03-22 22:00:00,057 - aiogram.dispatcher - WARNING - Sleep for 3.496955 seconds and try again... (tryings = 5, bot id = 7349237883)
2026-03-22 22:00:08,693 - aiogram.dispatcher - ERROR - Failed to fetch updates - TelegramConflictError: Telegram server says - Conflict: terminated by other getUpdates request; make sure that only one bot instance is running
2026-03-22 22:00:08,693 - aiogram.dispatcher - WARNING - Sleep for 4.649592 seconds and try again... (tryings = 6, bot id = 7349237883)
2026-03-22 22:00:18,654 - aiogram.dispatcher - ERROR - Failed to fetch updates - TelegramConflictError: Telegram server says - Conflict: terminated by other getUpdates request; make sure that only one bot instance is running
2026-03-22 22:00:18,655 - aiogram.dispatcher - WARNING - Sleep for 5.054420 seconds and try again... (tryings = 7, bot id = 7349237883)
2026-03-22 22:00:29,055 - aiogram.dispatcher - ERROR - Failed to fetch updates - TelegramConflictError: Telegram server says - Conflict: terminated by other getUpdates request; make sure that only one bot instance is running
2026-03-22 22:00:29,056 - aiogram.dispatcher - WARNING - Sleep for 4.892778 seconds and try again... (tryings = 8, bot id = 7349237883)
2026-03-22 22:00:39,141 - aiogram.dispatcher - ERROR - Failed to fetch updates - TelegramConflictError: Telegram server says - Conflict: terminated by other getUpdates request; make sure that only one bot instance is running
2026-03-22 22:00:39,142 - aiogram.dispatcher - WARNING - Sleep for 5.108174 seconds and try again... (tryings = 9, bot id = 7349237883)
2026-03-22 22:00:49,170 - aiogram.dispatcher - ERROR - Failed to fetch updates - TelegramConflictError: Telegram server says - Conflict: terminated by other getUpdates request; make sure that only one bot instance is running
2026-03-22 22:00:49,170 - aiogram.dispatcher - WARNING - Sleep for 5.028337 seconds and try again... (tryings = 10, bot id = 7349237883)
2026-03-22 22:00:59,205 - aiogram.dispatcher - ERROR - Failed to fetch updates - TelegramConflictError: Telegram server says - Conflict: terminated by other getUpdates request; make sure that only one bot instance is running
2026-03-22 22:00:59,206 - aiogram.dispatcher - WARNING - Sleep for 5.079809 seconds and try again... (tryings = 11, bot id = 7349237883)
2026-03-22 22:01:09,481 - aiogram.dispatcher - ERROR - Failed to fetch updates - TelegramConflictError: Telegram server says - Conflict: terminated by other getUpdates request; make sure that only one bot instance is running
2026-03-22 22:01:09,481 - aiogram.dispatcher - WARNING - Sleep for 4.955460 seconds and try again... (tryings = 12, bot id = 7349237883)
2026-03-22 22:01:19,482 - aiogram.dispatcher - ERROR - Failed to fetch updates - TelegramConflictError: Telegram server says - Conflict: terminated by other getUpdates request; make sure that only one bot instance is running
2026-03-22 22:01:19,483 - aiogram.dispatcher - WARNING - Sleep for 4.942981 seconds and try again... (tryings = 13, bot id = 7349237883)
2026-03-22 22:01:29,589 - aiogram.dispatcher - ERROR - Failed to fetch updates - TelegramConflictError: Telegram server says - Conflict: terminated by other getUpdates request; make sure that only one bot instance is running
2026-03-22 22:01:29,590 - aiogram.dispatcher - WARNING - Sleep for 4.973207 seconds and try again... (tryings = 14, bot id = 7349237883)
2026-03-22 22:01:39,672 - aiogram.dispatcher - ERROR - Failed to fetch updates - TelegramConflictError: Telegram server says - Conflict: terminated by other getUpdates request; make sure that only one bot instance is running
2026-03-22 22:01:39,673 - aiogram.dispatcher - WARNING - Sleep for 5.015759 seconds and try again... (tryings = 15, bot id = 7349237883)
2026-03-22 22:01:49,699 - aiogram.dispatcher - ERROR - Failed to fetch updates - TelegramConflictError: Telegram server says - Conflict: terminated by other getUpdates request; make sure that only one bot instance is running
2026-03-22 22:01:49,700 - aiogram.dispatcher - WARNING - Sleep for 4.853430 seconds and try again... (tryings = 16, bot id = 7349237883)
2026-03-22 22:01:59,691 - aiogram.dispatcher - ERROR - Failed to fetch updates - TelegramConflictError: Telegram server says - Conflict: terminated by other getUpdates request; make sure that only one bot instance is running
2026-03-22 22:01:59,692 - aiogram.dispatcher - WARNING - Sleep for 4.991890 seconds and try again... (tryings = 17, bot id = 7349237883)
2026-03-22 22:02:09,839 - aiogram.dispatcher - ERROR - Failed to fetch updates - TelegramConflictError: Telegram server says - Conflict: terminated by other getUpdates request; make sure that only one bot instance is running
2026-03-22 22:02:09,839 - aiogram.dispatcher - WARNING - Sleep for 5.204359 seconds and try again... (tryings = 18, bot id = 7349237883)
2026-03-22 22:02:20,108 - aiogram.dispatcher - ERROR - Failed to fetch updates - TelegramConflictError: Telegram server says - Conflict: terminated by other getUpdates request; make sure that only one bot instance is running
2026-03-22 22:02:20,108 - aiogram.dispatcher - WARNING - Sleep for 5.007759 seconds and try again... (tryings = 19, bot id = 7349237883)
2026-03-22 22:02:30,199 - aiogram.dispatcher - ERROR - Failed to fetch updates - TelegramConflictError: Telegram server says - Conflict: terminated by other getUpdates request; make sure that only one bot instance is running
2026-03-22 22:02:30,199 - aiogram.dispatcher - WARNING - Sleep for 5.081760 seconds and try again... (tryings = 20, bot id = 7349237883)
2026-03-22 22:02:40,344 - aiogram.dispatcher - ERROR - Failed to fetch updates - TelegramConflictError: Telegram server says - Conflict: terminated by other getUpdates request; make sure that only one bot instance is running
2026-03-22 22:02:40,345 - aiogram.dispatcher - WARNING - Sleep for 4.949200 seconds and try again... (tryings = 21, bot id = 7349237883)
2026-03-22 22:02:50,327 - aiogram.dispatcher - ERROR - Failed to fetch updates - TelegramConflictError: Telegram server says - Conflict: terminated by other getUpdates request; make sure that only one bot instance is running
2026-03-22 22:02:50,327 - aiogram.dispatcher - WARNING - Sleep for 5.178984 seconds and try again... (tryings = 22, bot id = 7349237883)
2026-03-22 22:03:00,611 - aiogram.dispatcher - ERROR - Failed to fetch updates - TelegramConflictError: Telegram server says - Conflict: terminated by other getUpdates request; make sure that only one bot instance is running
2026-03-22 22:03:00,611 - aiogram.dispatcher - WARNING - Sleep for 4.822404 seconds and try again... (tryings = 23, bot id = 7349237883)
2026-03-22 22:03:10,507 - aiogram.dispatcher - ERROR - Failed to fetch updates - TelegramConflictError: Telegram server says - Conflict: terminated by other getUpdates request; make sure that only one bot instance is running
2026-03-22 22:03:10,507 - aiogram.dispatcher - WARNING - Sleep for 4.897796 seconds and try again... (tryings = 24, bot id = 7349237883)
2026-03-22 22:03:20,491 - aiogram.dispatcher - ERROR - Failed to fetch updates - TelegramConflictError: Telegram server says - Conflict: terminated by other getUpdates request; make sure that only one bot instance is running
2026-03-22 22:03:20,491 - aiogram.dispatcher - WARNING - Sleep for 4.894217 seconds and try again... (tryings = 25, bot id = 7349237883)
2026-03-22 22:03:30,667 - aiogram.dispatcher - ERROR - Failed to fetch updates - TelegramConflictError: Telegram server says - Conflict: terminated by other getUpdates request; make sure that only one bot instance is running
2026-03-22 22:03:30,667 - aiogram.dispatcher - WARNING - Sleep for 5.043063 seconds and try again... (tryings = 26, bot id = 7349237883)
2026-03-22 22:03:40,682 - aiogram.dispatcher - ERROR - Failed to fetch updates - TelegramConflictError: Telegram server says - Conflict: terminated by other getUpdates request; make sure that only one bot instance is running
2026-03-22 22:03:40,683 - aiogram.dispatcher - WARNING - Sleep for 4.908947 seconds and try again... (tryings = 27, bot id = 7349237883)
2026-03-22 22:03:50,720 - aiogram.dispatcher - ERROR - Failed to fetch updates - TelegramConflictError: Telegram server says - Conflict: terminated by other getUpdates request; make sure that only one bot instance is running
2026-03-22 22:03:50,720 - aiogram.dispatcher - WARNING - Sleep for 5.085641 seconds and try again... (tryings = 28, bot id = 7349237883)
2026-03-22 22:04:00,894 - aiogram.dispatcher - ERROR - Failed to fetch updates - TelegramConflictError: Telegram server says - Conflict: terminated by other getUpdates request; make sure that only one bot instance is running
2026-03-22 22:04:00,896 - aiogram.dispatcher - WARNING - Sleep for 5.182731 seconds and try again... (tryings = 29, bot id = 7349237883)
2026-03-22 22:04:11,056 - aiogram.dispatcher - ERROR - Failed to fetch updates - TelegramConflictError: Telegram server says - Conflict: terminated by other getUpdates request; make sure that only one bot instance is running
2026-03-22 22:04:11,058 - aiogram.dispatcher - WARNING - Sleep for 5.069112 seconds and try again... (tryings = 30, bot id = 7349237883)
2026-03-22 22:04:21,311 - aiogram.dispatcher - ERROR - Failed to fetch updates - TelegramConflictError: Telegram server says - Conflict: terminated by other getUpdates request; make sure that only one bot instance is running
2026-03-22 22:04:21,311 - aiogram.dispatcher - WARNING - Sleep for 4.858862 seconds and try again... (tryings = 31, bot id = 7349237883)
2026-03-22 22:04:31,225 - aiogram.dispatcher - ERROR - Failed to fetch updates - TelegramConflictError: Telegram server says - Conflict: terminated by other getUpdates request; make sure that only one bot instance is running
2026-03-22 22:04:31,227 - aiogram.dispatcher - WARNING - Sleep for 5.123987 seconds and try again... (tryings = 32, bot id = 7349237883)
2026-03-22 22:04:41,404 - aiogram.dispatcher - ERROR - Failed to fetch updates - TelegramConflictError: Telegram server says - Conflict: terminated by other getUpdates request; make sure that only one bot instance is running
2026-03-22 22:04:41,404 - aiogram.dispatcher - WARNING - Sleep for 4.937733 seconds and try again... (tryings = 33, bot id = 7349237883)
2026-03-22 22:04:51,436 - aiogram.dispatcher - ERROR - Failed to fetch updates - TelegramConflictError: Telegram server says - Conflict: terminated by other getUpdates request; make sure that only one bot instance is running
2026-03-22 22:04:51,436 - aiogram.dispatcher - WARNING - Sleep for 5.004387 seconds and try again... (tryings = 34, bot id = 7349237883)
2026-03-22 22:05:01,451 - aiogram.dispatcher - ERROR - Failed to fetch updates - TelegramConflictError: Telegram server says - Conflict: terminated by other getUpdates request; make sure that only one bot instance is running
2026-03-22 22:05:01,451 - aiogram.dispatcher - WARNING - Sleep for 4.940039 seconds and try again... (tryings = 35, bot id = 7349237883)
2026-03-22 22:05:11,566 - aiogram.dispatcher - ERROR - Failed to fetch updates - TelegramConflictError: Telegram server says - Conflict: terminated by other getUpdates request; make sure that only one bot instance is running
2026-03-22 22:05:11,566 - aiogram.dispatcher - WARNING - Sleep for 5.095755 seconds and try again... (tryings = 36, bot id = 7349237883)
2026-03-22 22:05:21,921 - aiogram.dispatcher - ERROR - Failed to fetch updates - TelegramConflictError: Telegram server says - Conflict: terminated by other getUpdates request; make sure that only one bot instance is running
2026-03-22 22:05:21,921 - aiogram.dispatcher - WARNING - Sleep for 4.938426 seconds and try again... (tryings = 37, bot id = 7349237883)
2026-03-22 22:05:31,908 - aiogram.dispatcher - ERROR - Failed to fetch updates - TelegramConflictError: Telegram server says - Conflict: terminated by other getUpdates request; make sure that only one bot instance is running
2026-03-22 22:05:31,908 - aiogram.dispatcher - WARNING - Sleep for 4.859438 seconds and try again... (tryings = 38, bot id = 7349237883)
2026-03-22 22:05:41,929 - aiogram.dispatcher - ERROR - Failed to fetch updates - TelegramConflictError: Telegram server says - Conflict: terminated by other getUpdates request; make sure that only one bot instance is running
2026-03-22 22:05:41,929 - aiogram.dispatcher - WARNING - Sleep for 4.882903 seconds and try again... (tryings = 39, bot id = 7349237883)
2026-03-22 22:05:52,068 - aiogram.dispatcher - ERROR - Failed to fetch updates - TelegramConflictError: Telegram server says - Conflict: terminated by other getUpdates request; make sure that only one bot instance is running
2026-03-22 22:05:52,068 - aiogram.dispatcher - WARNING - Sleep for 5.065726 seconds and try again... (tryings = 40, bot id = 7349237883)
2026-03-22 22:06:02,361 - aiogram.dispatcher - ERROR - Failed to fetch updates - TelegramConflictError: Telegram server says - Conflict: terminated by other getUpdates request; make sure that only one bot instance is running
2026-03-22 22:06:02,362 - aiogram.dispatcher - WARNING - Sleep for 4.898536 seconds and try again... (tryings = 41, bot id = 7349237883)
2026-03-22 22:06:12,228 - aiogram.dispatcher - ERROR - Failed to fetch updates - TelegramConflictError: Telegram server says - Conflict: terminated by other getUpdates request; make sure that only one bot instance is running
2026-03-22 22:06:12,228 - aiogram.dispatcher - WARNING - Sleep for 4.983639 seconds and try again... (tryings = 42, bot id = 7349237883)
2026-03-22 22:06:22,373 - aiogram.dispatcher - ERROR - Failed to fetch updates - TelegramConflictError: Telegram server says - Conflict: terminated by other getUpdates request; make sure that only one bot instance is running
2026-03-22 22:06:22,373 - aiogram.dispatcher - WARNING - Sleep for 4.996769 seconds and try again... (tryings = 43, bot id = 7349237883)
2026-03-22 22:06:32,368 - aiogram.dispatcher - ERROR - Failed to fetch updates - TelegramConflictError: Telegram server says - Conflict: terminated by other getUpdates request; make sure that only one bot instance is running
2026-03-22 22:06:32,369 - aiogram.dispatcher - WARNING - Sleep for 4.924927 seconds and try again... (tryings = 44, bot id = 7349237883)
2026-03-22 22:06:42,456 - aiogram.dispatcher - ERROR - Failed to fetch updates - TelegramConflictError: Telegram server says - Conflict: terminated by other getUpdates request; make sure that only one bot instance is running
2026-03-22 22:06:42,456 - aiogram.dispatcher - WARNING - Sleep for 4.940406 seconds and try again... (tryings = 45, bot id = 7349237883)
2026-03-22 22:06:52,435 - aiogram.dispatcher - ERROR - Failed to fetch updates - TelegramConflictError: Telegram server says - Conflict: terminated by other getUpdates request; make sure that only one bot instance is running
2026-03-22 22:06:52,436 - aiogram.dispatcher - WARNING - Sleep for 5.057352 seconds and try again... (tryings = 46, bot id = 7349237883)
2026-03-22 22:07:02,448 - aiogram.dispatcher - ERROR - Failed to fetch updates - TelegramConflictError: Telegram server says - Conflict: terminated by other getUpdates request; make sure that only one bot instance is running
2026-03-22 22:07:02,449 - aiogram.dispatcher - WARNING - Sleep for 5.030703 seconds and try again... (tryings = 47, bot id = 7349237883)
2026-03-22 22:07:12,524 - aiogram.dispatcher - ERROR - Failed to fetch updates - TelegramConflictError: Telegram server says - Conflict: terminated by other getUpdates request; make sure that only one bot instance is running
2026-03-22 22:07:12,524 - aiogram.dispatcher - WARNING - Sleep for 5.040236 seconds and try again... (tryings = 48, bot id = 7349237883)
2026-03-22 22:07:22,821 - aiogram.dispatcher - ERROR - Failed to fetch updates - TelegramConflictError: Telegram server says - Conflict: terminated by other getUpdates request; make sure that only one bot instance is running
2026-03-22 22:07:22,822 - aiogram.dispatcher - WARNING - Sleep for 4.894533 seconds and try again... (tryings = 49, bot id = 7349237883)
2026-03-22 22:07:32,851 - aiogram.dispatcher - ERROR - Failed to fetch updates - TelegramConflictError: Telegram server says - Conflict: terminated by other getUpdates request; make sure that only one bot instance is running
2026-03-22 22:07:32,851 - aiogram.dispatcher - WARNING - Sleep for 5.097573 seconds and try again... (tryings = 50, bot id = 7349237883)
2026-03-22 22:07:43,127 - aiogram.dispatcher - ERROR - Failed to fetch updates - TelegramConflictError: Telegram server says - Conflict: terminated by other getUpdates request; make sure that only one bot instance is running
2026-03-22 22:07:43,127 - aiogram.dispatcher - WARNING - Sleep for 4.903676 seconds and try again... (tryings = 51, bot id = 7349237883)
2026-03-22 22:07:53,155 - aiogram.dispatcher - ERROR - Failed to fetch updates - TelegramConflictError: Telegram server says - Conflict: terminated by other getUpdates request; make sure that only one bot instance is running
2026-03-22 22:07:53,156 - aiogram.dispatcher - WARNING - Sleep for 4.968424 seconds and try again... (tryings = 52, bot id = 7349237883)
2026-03-22 22:08:03,087 - aiogram.dispatcher - ERROR - Failed to fetch updates - TelegramConflictError: Telegram server says - Conflict: terminated by other getUpdates request; make sure that only one bot instance is running
2026-03-22 22:08:03,087 - aiogram.dispatcher - WARNING - Sleep for 4.958849 seconds and try again... (tryings = 53, bot id = 7349237883)
2026-03-22 22:08:13,348 - aiogram.dispatcher - ERROR - Failed to fetch updates - TelegramConflictError: Telegram server says - Conflict: terminated by other getUpdates request; make sure that only one bot instance is running
2026-03-22 22:08:13,349 - aiogram.dispatcher - WARNING - Sleep for 4.869100 seconds and try again... (tryings = 54, bot id = 7349237883)
2026-03-22 22:08:23,356 - aiogram.dispatcher - ERROR - Failed to fetch updates - TelegramConflictError: Telegram server says - Conflict: terminated by other getUpdates request; make sure that only one bot instance is running
2026-03-22 22:08:23,357 - aiogram.dispatcher - WARNING - Sleep for 5.045623 seconds and try again... (tryings = 55, bot id = 7349237883)
2026-03-22 22:08:33,235 - aiogram.dispatcher - ERROR - Failed to fetch updates - TelegramConflictError: Telegram server says - Conflict: terminated by other getUpdates request; make sure that only one bot instance is running
2026-03-22 22:08:33,235 - aiogram.dispatcher - WARNING - Sleep for 4.916135 seconds and try again... (tryings = 56, bot id = 7349237883)
2026-03-22 22:08:43,101 - aiogram.dispatcher - ERROR - Failed to fetch updates - TelegramConflictError: Telegram server says - Conflict: terminated by other getUpdates request; make sure that only one bot instance is running
2026-03-22 22:08:43,101 - aiogram.dispatcher - WARNING - Sleep for 5.118033 seconds and try again... (tryings = 57, bot id = 7349237883)
2026-03-22 22:08:53,216 - aiogram.dispatcher - ERROR - Failed to fetch updates - TelegramConflictError: Telegram server says - Conflict: terminated by other getUpdates request; make sure that only one bot instance is running
2026-03-22 22:08:53,216 - aiogram.dispatcher - WARNING - Sleep for 5.053494 seconds and try again... (tryings = 58, bot id = 7349237883)
2026-03-22 22:09:03,363 - aiogram.dispatcher - ERROR - Failed to fetch updates - TelegramConflictError: Telegram server says - Conflict: terminated by other getUpdates request; make sure that only one bot instance is running
2026-03-22 22:09:03,364 - aiogram.dispatcher - WARNING - Sleep for 4.991250 seconds and try again... (tryings = 59, bot id = 7349237883)
2026-03-22 22:09:13,347 - aiogram.dispatcher - ERROR - Failed to fetch updates - TelegramConflictError: Telegram server says - Conflict: terminated by other getUpdates request; make sure that only one bot instance is running
2026-03-22 22:09:13,347 - aiogram.dispatcher - WARNING - Sleep for 4.888780 seconds and try again... (tryings = 60, bot id = 7349237883)
2026-03-22 22:09:23,151 - aiogram.dispatcher - ERROR - Failed to fetch updates - TelegramConflictError: Telegram server says - Conflict: terminated by other getUpdates request; make sure that only one bot instance is running
2026-03-22 22:09:23,151 - aiogram.dispatcher - WARNING - Sleep for 5.150294 seconds and try again... (tryings = 61, bot id = 7349237883)
2026-03-22 22:09:33,387 - aiogram.dispatcher - ERROR - Failed to fetch updates - TelegramConflictError: Telegram server says - Conflict: terminated by other getUpdates request; make sure that only one bot instance is running
2026-03-22 22:09:33,387 - aiogram.dispatcher - WARNING - Sleep for 5.050865 seconds and try again... (tryings = 62, bot id = 7349237883)
2026-03-22 22:09:43,562 - aiogram.dispatcher - ERROR - Failed to fetch updates - TelegramConflictError: Telegram server says - Conflict: terminated by other getUpdates request; make sure that only one bot instance is running
2026-03-22 22:09:43,562 - aiogram.dispatcher - WARNING - Sleep for 4.882673 seconds and try again... (tryings = 63, bot id = 7349237883)
2026-03-22 22:09:53,482 - aiogram.dispatcher - ERROR - Failed to fetch updates - TelegramConflictError: Telegram server says - Conflict: terminated by other getUpdates request; make sure that only one bot instance is running
2026-03-22 22:09:53,482 - aiogram.dispatcher - WARNING - Sleep for 4.945983 seconds and try again... (tryings = 64, bot id = 7349237883)
2026-03-22 22:10:03,423 - aiogram.dispatcher - ERROR - Failed to fetch updates - TelegramConflictError: Telegram server says - Conflict: terminated by other getUpdates request; make sure that only one bot instance is running
2026-03-22 22:10:03,424 - aiogram.dispatcher - WARNING - Sleep for 5.116407 seconds and try again... (tryings = 65, bot id = 7349237883)
2026-03-22 22:10:13,567 - aiogram.dispatcher - ERROR - Failed to fetch updates - TelegramConflictError: Telegram server says - Conflict: terminated by other getUpdates request; make sure that only one bot instance is running
2026-03-22 22:10:13,568 - aiogram.dispatcher - WARNING - Sleep for 4.926237 seconds and try again... (tryings = 66, bot id = 7349237883)
2026-03-22 22:10:23,440 - aiogram.dispatcher - ERROR - Failed to fetch updates - TelegramConflictError: Telegram server says - Conflict: terminated by other getUpdates request; make sure that only one bot instance is running
2026-03-22 22:10:23,440 - aiogram.dispatcher - WARNING - Sleep for 4.962263 seconds and try again... (tryings = 67, bot id = 7349237883)
2026-03-22 22:10:33,345 - aiogram.dispatcher - ERROR - Failed to fetch updates - TelegramConflictError: Telegram server says - Conflict: terminated by other getUpdates request; make sure that only one bot instance is running
2026-03-22 22:10:33,345 - aiogram.dispatcher - WARNING - Sleep for 5.084477 seconds and try again... (tryings = 68, bot id = 7349237883)
2026-03-22 22:10:43,459 - aiogram.dispatcher - ERROR - Failed to fetch updates - TelegramConflictError: Telegram server says - Conflict: terminated by other getUpdates request; make sure that only one bot instance is running
2026-03-22 22:10:43,459 - aiogram.dispatcher - WARNING - Sleep for 4.905653 seconds and try again... (tryings = 69, bot id = 7349237883)
2026-03-22 22:10:53,273 - aiogram.dispatcher - ERROR - Failed to fetch updates - TelegramConflictError: Telegram server says - Conflict: terminated by other getUpdates request; make sure that only one bot instance is running
2026-03-22 22:10:53,274 - aiogram.dispatcher - WARNING - Sleep for 4.957652 seconds and try again... (tryings = 70, bot id = 7349237883)
2026-03-22 22:11:03,091 - aiogram.dispatcher - ERROR - Failed to fetch updates - TelegramConflictError: Telegram server says - Conflict: terminated by other getUpdates request; make sure that only one bot instance is running
2026-03-22 22:11:03,091 - aiogram.dispatcher - WARNING - Sleep for 4.963883 seconds and try again... (tryings = 71, bot id = 7349237883)
2026-03-22 22:11:13,005 - aiogram.dispatcher - ERROR - Failed to fetch updates - TelegramConflictError: Telegram server says - Conflict: terminated by other getUpdates request; make sure that only one bot instance is running
2026-03-22 22:11:13,005 - aiogram.dispatcher - WARNING - Sleep for 5.123935 seconds and try again... (tryings = 72, bot id = 7349237883)
2026-03-22 22:11:23,287 - aiogram.dispatcher - ERROR - Failed to fetch updates - TelegramConflictError: Telegram server says - Conflict: terminated by other getUpdates request; make sure that only one bot instance is running
2026-03-22 22:11:23,287 - aiogram.dispatcher - WARNING - Sleep for 5.109975 seconds and try again... (tryings = 73, bot id = 7349237883)
2026-03-22 22:11:33,516 - aiogram.dispatcher - ERROR - Failed to fetch updates - TelegramConflictError: Telegram server says - Conflict: terminated by other getUpdates request; make sure that only one bot instance is running
2026-03-22 22:11:33,517 - aiogram.dispatcher - WARNING - Sleep for 5.013151 seconds and try again... (tryings = 74, bot id = 7349237883)
2026-03-22 22:11:43,712 - aiogram.dispatcher - ERROR - Failed to fetch updates - TelegramConflictError: Telegram server says - Conflict: terminated by other getUpdates request; make sure that only one bot instance is running
2026-03-22 22:11:43,712 - aiogram.dispatcher - WARNING - Sleep for 4.996924 seconds and try again... (tryings = 75, bot id = 7349237883)
2026-03-22 22:11:53,947 - aiogram.dispatcher - ERROR - Failed to fetch updates - TelegramConflictError: Telegram server says - Conflict: terminated by other getUpdates request; make sure that only one bot instance is running
2026-03-22 22:11:53,947 - aiogram.dispatcher - WARNING - Sleep for 5.117405 seconds and try again... (tryings = 76, bot id = 7349237883)
2026-03-22 22:12:04,254 - aiogram.dispatcher - ERROR - Failed to fetch updates - TelegramConflictError: Telegram server says - Conflict: terminated by other getUpdates request; make sure that only one bot instance is running
2026-03-22 22:12:04,255 - aiogram.dispatcher - WARNING - Sleep for 5.098997 seconds and try again... (tryings = 77, bot id = 7349237883)
2026-03-22 22:12:14,610 - aiogram.dispatcher - ERROR - Failed to fetch updates - TelegramConflictError: Telegram server says - Conflict: terminated by other getUpdates request; make sure that only one bot instance is running
2026-03-22 22:12:14,611 - aiogram.dispatcher - WARNING - Sleep for 5.026832 seconds and try again... (tryings = 78, bot id = 7349237883)
2026-03-22 22:12:24,685 - aiogram.dispatcher - ERROR - Failed to fetch updates - TelegramConflictError: Telegram server says - Conflict: terminated by other getUpdates request; make sure that only one bot instance is running
2026-03-22 22:12:24,685 - aiogram.dispatcher - WARNING - Sleep for 5.008684 seconds and try again... (tryings = 79, bot id = 7349237883)
2026-03-22 22:12:34,950 - aiogram.dispatcher - ERROR - Failed to fetch updates - TelegramConflictError: Telegram server says - Conflict: terminated by other getUpdates request; make sure that only one bot instance is running
2026-03-22 22:12:34,951 - aiogram.dispatcher - WARNING - Sleep for 5.062408 seconds and try again... (tryings = 80, bot id = 7349237883)
2026-03-22 22:12:45,066 - aiogram.dispatcher - ERROR - Failed to fetch updates - TelegramConflictError: Telegram server says - Conflict: terminated by other getUpdates request; make sure that only one bot instance is running
2026-03-22 22:12:45,067 - aiogram.dispatcher - WARNING - Sleep for 4.980809 seconds and try again... (tryings = 81, bot id = 7349237883)
2026-03-22 22:12:55,264 - aiogram.dispatcher - ERROR - Failed to fetch updates - TelegramConflictError: Telegram server says - Conflict: terminated by other getUpdates request; make sure that only one bot instance is running
2026-03-22 22:12:55,265 - aiogram.dispatcher - WARNING - Sleep for 5.211407 seconds and try again... (tryings = 82, bot id = 7349237883)
2026-03-22 22:13:05,570 - aiogram.dispatcher - ERROR - Failed to fetch updates - TelegramConflictError: Telegram server says - Conflict: terminated by other getUpdates request; make sure that only one bot instance is running
2026-03-22 22:13:05,571 - aiogram.dispatcher - WARNING - Sleep for 5.102928 seconds and try again... (tryings = 83, bot id = 7349237883)
2026-03-22 22:13:15,795 - aiogram.dispatcher - ERROR - Failed to fetch updates - TelegramConflictError: Telegram server says - Conflict: terminated by other getUpdates request; make sure that only one bot instance is running
2026-03-22 22:13:15,796 - aiogram.dispatcher - WARNING - Sleep for 5.026879 seconds and try again... (tryings = 84, bot id = 7349237883)
2026-03-22 22:13:25,886 - aiogram.dispatcher - ERROR - Failed to fetch updates - TelegramConflictError: Telegram server says - Conflict: terminated by other getUpdates request; make sure that only one bot instance is running
2026-03-22 22:13:25,886 - aiogram.dispatcher - WARNING - Sleep for 5.081234 seconds and try again... (tryings = 85, bot id = 7349237883)
2026-03-22 22:13:36,161 - aiogram.dispatcher - ERROR - Failed to fetch updates - TelegramConflictError: Telegram server says - Conflict: terminated by other getUpdates request; make sure that only one bot instance is running
2026-03-22 22:13:36,161 - aiogram.dispatcher - WARNING - Sleep for 5.158488 seconds and try again... (tryings = 86, bot id = 7349237883)
2026-03-22 22:13:46,385 - aiogram.dispatcher - ERROR - Failed to fetch updates - TelegramConflictError: Telegram server says - Conflict: terminated by other getUpdates request; make sure that only one bot instance is running
2026-03-22 22:13:46,390 - aiogram.dispatcher - WARNING - Sleep for 4.928713 seconds and try again... (tryings = 87, bot id = 7349237883)
2026-03-22 22:13:56,567 - aiogram.dispatcher - ERROR - Failed to fetch updates - TelegramConflictError: Telegram server says - Conflict: terminated by other getUpdates request; make sure that only one bot instance is running
2026-03-22 22:13:56,574 - aiogram.dispatcher - WARNING - Sleep for 5.136114 seconds and try again... (tryings = 88, bot id = 7349237883)
2026-03-22 22:14:06,771 - aiogram.dispatcher - ERROR - Failed to fetch updates - TelegramConflictError: Telegram server says - Conflict: terminated by other getUpdates request; make sure that only one bot instance is running
2026-03-22 22:14:06,785 - aiogram.dispatcher - WARNING - Sleep for 4.893353 seconds and try again... (tryings = 89, bot id = 7349237883)
2026-03-22 22:14:17,041 - aiogram.dispatcher - ERROR - Failed to fetch updates - TelegramConflictError: Telegram server says - Conflict: terminated by other getUpdates request; make sure that only one bot instance is running
2026-03-22 22:14:17,048 - aiogram.dispatcher - WARNING - Sleep for 4.850362 seconds and try again... (tryings = 90, bot id = 7349237883)
2026-03-22 22:14:27,081 - aiogram.dispatcher - ERROR - Failed to fetch updates - TelegramConflictError: Telegram server says - Conflict: terminated by other getUpdates request; make sure that only one bot instance is running
2026-03-22 22:14:27,087 - aiogram.dispatcher - WARNING - Sleep for 5.126505 seconds and try again... (tryings = 91, bot id = 7349237883)
2026-03-22 22:14:37,333 - aiogram.dispatcher - ERROR - Failed to fetch updates - TelegramConflictError: Telegram server says - Conflict: terminated by other getUpdates request; make sure that only one bot instance is running
2026-03-22 22:14:37,333 - aiogram.dispatcher - WARNING - Sleep for 4.957919 seconds and try again... (tryings = 92, bot id = 7349237883)
2026-03-22 22:14:47,305 - aiogram.dispatcher - ERROR - Failed to fetch updates - TelegramConflictError: Telegram server says - Conflict: terminated by other getUpdates request; make sure that only one bot instance is running
2026-03-22 22:14:47,320 - aiogram.dispatcher - WARNING - Sleep for 5.051825 seconds and try again... (tryings = 93, bot id = 7349237883)
2026-03-22 22:14:57,349 - aiogram.dispatcher - ERROR - Failed to fetch updates - TelegramConflictError: Telegram server says - Conflict: terminated by other getUpdates request; make sure that only one bot instance is running
2026-03-22 22:14:57,358 - aiogram.dispatcher - WARNING - Sleep for 5.096297 seconds and try again... (tryings = 94, bot id = 7349237883)
2026-03-22 22:15:07,706 - aiogram.dispatcher - ERROR - Failed to fetch updates - TelegramConflictError: Telegram server says - Conflict: terminated by other getUpdates request; make sure that only one bot instance is running
2026-03-22 22:15:07,707 - aiogram.dispatcher - WARNING - Sleep for 4.883247 seconds and try again... (tryings = 95, bot id = 7349237883)
2026-03-22 22:15:17,614 - aiogram.dispatcher - ERROR - Failed to fetch updates - TelegramConflictError: Telegram server says - Conflict: terminated by other getUpdates request; make sure that only one bot instance is running
2026-03-22 22:15:17,614 - aiogram.dispatcher - WARNING - Sleep for 5.046736 seconds and try again... (tryings = 96, bot id = 7349237883)
2026-03-22 22:15:27,678 - aiogram.dispatcher - ERROR - Failed to fetch updates - TelegramConflictError: Telegram server says - Conflict: terminated by other getUpdates request; make sure that only one bot instance is running
2026-03-22 22:15:27,680 - aiogram.dispatcher - WARNING - Sleep for 4.930190 seconds and try again... (tryings = 97, bot id = 7349237883)
2026-03-22 22:15:37,657 - aiogram.dispatcher - ERROR - Failed to fetch updates - TelegramConflictError: Telegram server says - Conflict: terminated by other getUpdates request; make sure that only one bot instance is running
2026-03-22 22:15:37,659 - aiogram.dispatcher - WARNING - Sleep for 4.981293 seconds and try again... (tryings = 98, bot id = 7349237883)
2026-03-22 22:15:47,789 - aiogram.dispatcher - ERROR - Failed to fetch updates - TelegramConflictError: Telegram server says - Conflict: terminated by other getUpdates request; make sure that only one bot instance is running
2026-03-22 22:15:47,791 - aiogram.dispatcher - WARNING - Sleep for 5.035586 seconds and try again... (tryings = 99, bot id = 7349237883)
2026-03-22 22:15:57,970 - aiogram.dispatcher - ERROR - Failed to fetch updates - TelegramConflictError: Telegram server says - Conflict: terminated by other getUpdates request; make sure that only one bot instance is running
2026-03-22 22:15:57,970 - aiogram.dispatcher - WARNING - Sleep for 4.906479 seconds and try again... (tryings = 100, bot id = 7349237883)
2026-03-22 22:16:08,047 - aiogram.dispatcher - ERROR - Failed to fetch updates - TelegramConflictError: Telegram server says - Conflict: terminated by other getUpdates request; make sure that only one bot instance is running
2026-03-22 22:16:08,047 - aiogram.dispatcher - WARNING - Sleep for 4.974413 seconds and try again... (tryings = 101, bot id = 7349237883)
2026-03-22 22:16:18,151 - aiogram.dispatcher - ERROR - Failed to fetch updates - TelegramConflictError: Telegram server says - Conflict: terminated by other getUpdates request; make sure that only one bot instance is running
2026-03-22 22:16:18,151 - aiogram.dispatcher - WARNING - Sleep for 5.036715 seconds and try again... (tryings = 102, bot id = 7349237883)
2026-03-22 22:16:28,486 - aiogram.dispatcher - ERROR - Failed to fetch updates - TelegramConflictError: Telegram server says - Conflict: terminated by other getUpdates request; make sure that only one bot instance is running
2026-03-22 22:16:28,487 - aiogram.dispatcher - WARNING - Sleep for 4.943383 seconds and try again... (tryings = 103, bot id = 7349237883)
2026-03-22 22:16:38,602 - aiogram.dispatcher - ERROR - Failed to fetch updates - TelegramConflictError: Telegram server says - Conflict: terminated by other getUpdates request; make sure that only one bot instance is running
2026-03-22 22:16:38,603 - aiogram.dispatcher - WARNING - Sleep for 4.818107 seconds and try again... (tryings = 104, bot id = 7349237883)
2026-03-22 22:16:48,543 - aiogram.dispatcher - ERROR - Failed to fetch updates - TelegramConflictError: Telegram server says - Conflict: terminated by other getUpdates request; make sure that only one bot instance is running
2026-03-22 22:16:48,543 - aiogram.dispatcher - WARNING - Sleep for 4.985335 seconds and try again... (tryings = 105, bot id = 7349237883)
2026-03-22 22:16:58,735 - aiogram.dispatcher - ERROR - Failed to fetch updates - TelegramConflictError: Telegram server says - Conflict: terminated by other getUpdates request; make sure that only one bot instance is running
2026-03-22 22:16:58,735 - aiogram.dispatcher - WARNING - Sleep for 4.994511 seconds and try again... (tryings = 106, bot id = 7349237883)
2026-03-22 22:17:08,839 - aiogram.dispatcher - ERROR - Failed to fetch updates - TelegramConflictError: Telegram server says - Conflict: terminated by other getUpdates request; make sure that only one bot instance is running
2026-03-22 22:17:08,839 - aiogram.dispatcher - WARNING - Sleep for 4.904460 seconds and try again... (tryings = 107, bot id = 7349237883)
2026-03-22 22:17:18,732 - aiogram.dispatcher - ERROR - Failed to fetch updates - TelegramConflictError: Telegram server says - Conflict: terminated by other getUpdates request; make sure that only one bot instance is running
2026-03-22 22:17:18,732 - aiogram.dispatcher - WARNING - Sleep for 4.901471 seconds and try again... (tryings = 108, bot id = 7349237883)
2026-03-22 22:17:28,741 - aiogram.dispatcher - ERROR - Failed to fetch updates - TelegramConflictError: Telegram server says - Conflict: terminated by other getUpdates request; make sure that only one bot instance is running
2026-03-22 22:17:28,746 - aiogram.dispatcher - WARNING - Sleep for 4.863223 seconds and try again... (tryings = 109, bot id = 7349237883)
2026-03-22 22:17:38,654 - aiogram.dispatcher - ERROR - Failed to fetch updates - TelegramConflictError: Telegram server says - Conflict: terminated by other getUpdates request; make sure that only one bot instance is running
2026-03-22 22:17:38,654 - aiogram.dispatcher - WARNING - Sleep for 5.061969 seconds and try again... (tryings = 110, bot id = 7349237883)
2026-03-22 22:17:48,705 - aiogram.dispatcher - ERROR - Failed to fetch updates - TelegramConflictError: Telegram server says - Conflict: terminated by other getUpdates request; make sure that only one bot instance is running
2026-03-22 22:17:48,705 - aiogram.dispatcher - WARNING - Sleep for 5.044900 seconds and try again... (tryings = 111, bot id = 7349237883)
2026-03-22 22:17:58,823 - aiogram.dispatcher - ERROR - Failed to fetch updates - TelegramConflictError: Telegram server says - Conflict: terminated by other getUpdates request; make sure that only one bot instance is running
2026-03-22 22:17:58,824 - aiogram.dispatcher - WARNING - Sleep for 5.092301 seconds and try again... (tryings = 112, bot id = 7349237883)
2026-03-22 22:18:08,822 - aiogram.dispatcher - ERROR - Failed to fetch updates - TelegramConflictError: Telegram server says - Conflict: terminated by other getUpdates request; make sure that only one bot instance is running
2026-03-22 22:18:08,822 - aiogram.dispatcher - WARNING - Sleep for 5.048717 seconds and try again... (tryings = 113, bot id = 7349237883)
2026-03-22 22:18:18,950 - aiogram.dispatcher - ERROR - Failed to fetch updates - TelegramConflictError: Telegram server says - Conflict: terminated by other getUpdates request; make sure that only one bot instance is running
2026-03-22 22:18:18,951 - aiogram.dispatcher - WARNING - Sleep for 5.073511 seconds and try again... (tryings = 114, bot id = 7349237883)
2026-03-22 22:18:29,154 - aiogram.dispatcher - ERROR - Failed to fetch updates - TelegramConflictError: Telegram server says - Conflict: terminated by other getUpdates request; make sure that only one bot instance is running
2026-03-22 22:18:29,156 - aiogram.dispatcher - WARNING - Sleep for 5.054908 seconds and try again... (tryings = 115, bot id = 7349237883)
2026-03-22 22:18:39,146 - aiogram.dispatcher - ERROR - Failed to fetch updates - TelegramConflictError: Telegram server says - Conflict: terminated by other getUpdates request; make sure that only one bot instance is running
2026-03-22 22:18:39,152 - aiogram.dispatcher - WARNING - Sleep for 5.137051 seconds and try again... (tryings = 116, bot id = 7349237883)
2026-03-22 22:18:49,705 - aiogram.dispatcher - ERROR - Failed to fetch updates - TelegramConflictError: Telegram server says - Conflict: terminated by other getUpdates request; make sure that only one bot instance is running
2026-03-22 22:18:49,714 - aiogram.dispatcher - WARNING - Sleep for 5.124651 seconds and try again... (tryings = 117, bot id = 7349237883)
2026-03-22 22:18:59,949 - aiogram.dispatcher - ERROR - Failed to fetch updates - TelegramConflictError: Telegram server says - Conflict: terminated by other getUpdates request; make sure that only one bot instance is running
2026-03-22 22:18:59,959 - aiogram.dispatcher - WARNING - Sleep for 5.078918 seconds and try again... (tryings = 118, bot id = 7349237883)
2026-03-22 22:19:10,107 - aiogram.dispatcher - ERROR - Failed to fetch updates - TelegramConflictError: Telegram server says - Conflict: terminated by other getUpdates request; make sure that only one bot instance is running
2026-03-22 22:19:10,108 - aiogram.dispatcher - WARNING - Sleep for 4.962301 seconds and try again... (tryings = 119, bot id = 7349237883)
2026-03-22 22:19:20,148 - aiogram.dispatcher - ERROR - Failed to fetch updates - TelegramConflictError: Telegram server says - Conflict: terminated by other getUpdates request; make sure that only one bot instance is running
2026-03-22 22:19:20,149 - aiogram.dispatcher - WARNING - Sleep for 5.067102 seconds and try again... (tryings = 120, bot id = 7349237883)
2026-03-22 22:19:30,354 - aiogram.dispatcher - ERROR - Failed to fetch updates - TelegramConflictError: Telegram server says - Conflict: terminated by other getUpdates request; make sure that only one bot instance is running
2026-03-22 22:19:30,355 - aiogram.dispatcher - WARNING - Sleep for 4.942890 seconds and try again... (tryings = 121, bot id = 7349237883)
2026-03-22 22:19:40,470 - aiogram.dispatcher - ERROR - Failed to fetch updates - TelegramConflictError: Telegram server says - Conflict: terminated by other getUpdates request; make sure that only one bot instance is running
2026-03-22 22:19:40,471 - aiogram.dispatcher - WARNING - Sleep for 4.854232 seconds and try again... (tryings = 122, bot id = 7349237883)
2026-03-22 22:19:50,333 - aiogram.dispatcher - ERROR - Failed to fetch updates - TelegramConflictError: Telegram server says - Conflict: terminated by other getUpdates request; make sure that only one bot instance is running
2026-03-22 22:19:50,333 - aiogram.dispatcher - WARNING - Sleep for 5.007261 seconds and try again... (tryings = 123, bot id = 7349237883)
2026-03-22 22:20:00,502 - aiogram.dispatcher - ERROR - Failed to fetch updates - TelegramConflictError: Telegram server says - Conflict: terminated by other getUpdates request; make sure that only one bot instance is running
2026-03-22 22:20:00,503 - aiogram.dispatcher - WARNING - Sleep for 5.123579 seconds and try again... (tryings = 124, bot id = 7349237883)
2026-03-22 22:20:10,670 - aiogram.dispatcher - ERROR - Failed to fetch updates - TelegramConflictError: Telegram server says - Conflict: terminated by other getUpdates request; make sure that only one bot instance is running
2026-03-22 22:20:10,671 - aiogram.dispatcher - WARNING - Sleep for 5.109941 seconds and try again... (tryings = 125, bot id = 7349237883)
2026-03-22 22:20:20,903 - aiogram.dispatcher - ERROR - Failed to fetch updates - TelegramConflictError: Telegram server says - Conflict: terminated by other getUpdates request; make sure that only one bot instance is running
2026-03-22 22:20:20,903 - aiogram.dispatcher - WARNING - Sleep for 5.161006 seconds and try again... (tryings = 126, bot id = 7349237883)
2026-03-22 22:20:31,113 - aiogram.dispatcher - ERROR - Failed to fetch updates - TelegramConflictError: Telegram server says - Conflict: terminated by other getUpdates request; make sure that only one bot instance is running
2026-03-22 22:20:31,113 - aiogram.dispatcher - WARNING - Sleep for 5.010449 seconds and try again... (tryings = 127, bot id = 7349237883)
2026-03-22 22:20:41,221 - aiogram.dispatcher - ERROR - Failed to fetch updates - TelegramConflictError: Telegram server says - Conflict: terminated by other getUpdates request; make sure that only one bot instance is running
2026-03-22 22:20:41,221 - aiogram.dispatcher - WARNING - Sleep for 5.012955 seconds and try again... (tryings = 128, bot id = 7349237883)
2026-03-22 22:20:51,403 - aiogram.dispatcher - ERROR - Failed to fetch updates - TelegramConflictError: Telegram server says - Conflict: terminated by other getUpdates request; make sure that only one bot instance is running
2026-03-22 22:20:51,404 - aiogram.dispatcher - WARNING - Sleep for 4.975122 seconds and try again... (tryings = 129, bot id = 7349237883)
2026-03-22 22:21:01,397 - aiogram.dispatcher - ERROR - Failed to fetch updates - TelegramConflictError: Telegram server says - Conflict: terminated by other getUpdates request; make sure that only one bot instance is running
2026-03-22 22:21:01,398 - aiogram.dispatcher - WARNING - Sleep for 5.024811 seconds and try again... (tryings = 130, bot id = 7349237883)
2026-03-22 22:21:11,559 - aiogram.dispatcher - ERROR - Failed to fetch updates - TelegramConflictError: Telegram server says - Conflict: terminated by other getUpdates request; make sure that only one bot instance is running
2026-03-22 22:21:11,559 - aiogram.dispatcher - WARNING - Sleep for 4.865718 seconds and try again... (tryings = 131, bot id = 7349237883)
2026-03-22 22:21:21,648 - aiogram.dispatcher - ERROR - Failed to fetch updates - TelegramConflictError: Telegram server says - Conflict: terminated by other getUpdates request; make sure that only one bot instance is running
2026-03-22 22:21:21,649 - aiogram.dispatcher - WARNING - Sleep for 5.125724 seconds and try again... (tryings = 132, bot id = 7349237883)
2026-03-22 22:21:31,921 - aiogram.dispatcher - ERROR - Failed to fetch updates - TelegramConflictError: Telegram server says - Conflict: terminated by other getUpdates request; make sure that only one bot instance is running
2026-03-22 22:21:31,922 - aiogram.dispatcher - WARNING - Sleep for 4.921199 seconds and try again... (tryings = 133, bot id = 7349237883)
2026-03-22 22:21:42,027 - aiogram.dispatcher - ERROR - Failed to fetch updates - TelegramConflictError: Telegram server says - Conflict: terminated by other getUpdates request; make sure that only one bot instance is running
2026-03-22 22:21:42,046 - aiogram.dispatcher - WARNING - Sleep for 5.024854 seconds and try again... (tryings = 134, bot id = 7349237883)
2026-03-22 22:21:52,369 - aiogram.dispatcher - ERROR - Failed to fetch updates - TelegramConflictError: Telegram server says - Conflict: terminated by other getUpdates request; make sure that only one bot instance is running
2026-03-22 22:21:52,371 - aiogram.dispatcher - WARNING - Sleep for 5.045019 seconds and try again... (tryings = 135, bot id = 7349237883)
2026-03-22 22:22:02,237 - aiogram.dispatcher - ERROR - Failed to fetch updates - TelegramConflictError: Telegram server says - Conflict: terminated by other getUpdates request; make sure that only one bot instance is running
2026-03-22 22:22:02,238 - aiogram.dispatcher - WARNING - Sleep for 4.832034 seconds and try again... (tryings = 136, bot id = 7349237883)
2026-03-22 22:22:12,209 - aiogram.dispatcher - ERROR - Failed to fetch updates - TelegramConflictError: Telegram server says - Conflict: terminated by other getUpdates request; make sure that only one bot instance is running
2026-03-22 22:22:12,210 - aiogram.dispatcher - WARNING - Sleep for 4.961251 seconds and try again... (tryings = 137, bot id = 7349237883)
2026-03-22 22:22:22,149 - aiogram.dispatcher - ERROR - Failed to fetch updates - TelegramConflictError: Telegram server says - Conflict: terminated by other getUpdates request; make sure that only one bot instance is running
2026-03-22 22:22:22,150 - aiogram.dispatcher - WARNING - Sleep for 5.104266 seconds and try again... (tryings = 138, bot id = 7349237883)
2026-03-22 22:22:32,289 - aiogram.dispatcher - ERROR - Failed to fetch updates - TelegramConflictError: Telegram server says - Conflict: terminated by other getUpdates request; make sure that only one bot instance is running
2026-03-22 22:22:32,290 - aiogram.dispatcher - WARNING - Sleep for 5.033060 seconds and try again... (tryings = 139, bot id = 7349237883)
2026-03-22 22:22:42,348 - aiogram.dispatcher - ERROR - Failed to fetch updates - TelegramConflictError: Telegram server says - Conflict: terminated by other getUpdates request; make sure that only one bot instance is running
2026-03-22 22:22:42,348 - aiogram.dispatcher - WARNING - Sleep for 4.980994 seconds and try again... (tryings = 140, bot id = 7349237883)
2026-03-22 22:22:52,535 - aiogram.dispatcher - ERROR - Failed to fetch updates - TelegramConflictError: Telegram server says - Conflict: terminated by other getUpdates request; make sure that only one bot instance is running
2026-03-22 22:22:52,536 - aiogram.dispatcher - WARNING - Sleep for 4.871882 seconds and try again... (tryings = 141, bot id = 7349237883)
2026-03-22 22:23:02,428 - aiogram.dispatcher - ERROR - Failed to fetch updates - TelegramConflictError: Telegram server says - Conflict: terminated by other getUpdates request; make sure that only one bot instance is running
2026-03-22 22:23:02,429 - aiogram.dispatcher - WARNING - Sleep for 4.971373 seconds and try again... (tryings = 142, bot id = 7349237883)
2026-03-22 22:23:12,616 - aiogram.dispatcher - ERROR - Failed to fetch updates - TelegramConflictError: Telegram server says - Conflict: terminated by other getUpdates request; make sure that only one bot instance is running
2026-03-22 22:23:12,616 - aiogram.dispatcher - WARNING - Sleep for 5.100505 seconds and try again... (tryings = 143, bot id = 7349237883)
2026-03-22 22:23:22,702 - aiogram.dispatcher - ERROR - Failed to fetch updates - TelegramConflictError: Telegram server says - Conflict: terminated by other getUpdates request; make sure that only one bot instance is running
2026-03-22 22:23:22,703 - aiogram.dispatcher - WARNING - Sleep for 5.005346 seconds and try again... (tryings = 144, bot id = 7349237883)
2026-03-22 22:23:32,706 - aiogram.dispatcher - ERROR - Failed to fetch updates - TelegramConflictError: Telegram server says - Conflict: terminated by other getUpdates request; make sure that only one bot instance is running
2026-03-22 22:23:32,707 - aiogram.dispatcher - WARNING - Sleep for 5.216341 seconds and try again... (tryings = 145, bot id = 7349237883)
2026-03-22 22:23:43,106 - aiogram.dispatcher - ERROR - Failed to fetch updates - TelegramConflictError: Telegram server says - Conflict: terminated by other getUpdates request; make sure that only one bot instance is running
2026-03-22 22:23:43,107 - aiogram.dispatcher - WARNING - Sleep for 4.902878 seconds and try again... (tryings = 146, bot id = 7349237883)
2026-03-22 22:23:53,046 - aiogram.dispatcher - ERROR - Failed to fetch updates - TelegramConflictError: Telegram server says - Conflict: terminated by other getUpdates request; make sure that only one bot instance is running
2026-03-22 22:23:53,047 - aiogram.dispatcher - WARNING - Sleep for 4.817146 seconds and try again... (tryings = 147, bot id = 7349237883)
2026-03-22 22:24:03,168 - aiogram.dispatcher - ERROR - Failed to fetch updates - TelegramConflictError: Telegram server says - Conflict: terminated by other getUpdates request; make sure that only one bot instance is running
2026-03-22 22:24:03,169 - aiogram.dispatcher - WARNING - Sleep for 4.921632 seconds and try again... (tryings = 148, bot id = 7349237883)
2026-03-22 22:24:13,255 - aiogram.dispatcher - ERROR - Failed to fetch updates - TelegramConflictError: Telegram server says - Conflict: terminated by other getUpdates request; make sure that only one bot instance is running
2026-03-22 22:24:13,256 - aiogram.dispatcher - WARNING - Sleep for 5.020418 seconds and try again... (tryings = 149, bot id = 7349237883)
2026-03-22 22:24:23,549 - aiogram.dispatcher - ERROR - Failed to fetch updates - TelegramConflictError: Telegram server says - Conflict: terminated by other getUpdates request; make sure that only one bot instance is running
2026-03-22 22:24:23,549 - aiogram.dispatcher - WARNING - Sleep for 5.075524 seconds and try again... (tryings = 150, bot id = 7349237883)
2026-03-22 22:24:33,711 - aiogram.dispatcher - ERROR - Failed to fetch updates - TelegramConflictError: Telegram server says - Conflict: terminated by other getUpdates request; make sure that only one bot instance is running
2026-03-22 22:24:33,712 - aiogram.dispatcher - WARNING - Sleep for 4.986539 seconds and try again... (tryings = 151, bot id = 7349237883)
2026-03-22 22:24:43,849 - aiogram.dispatcher - ERROR - Failed to fetch updates - TelegramConflictError: Telegram server says - Conflict: terminated by other getUpdates request; make sure that only one bot instance is running
2026-03-22 22:24:43,849 - aiogram.dispatcher - WARNING - Sleep for 4.977188 seconds and try again... (tryings = 152, bot id = 7349237883)
2026-03-22 22:24:53,934 - aiogram.dispatcher - ERROR - Failed to fetch updates - TelegramConflictError: Telegram server says - Conflict: terminated by other getUpdates request; make sure that only one bot instance is running
2026-03-22 22:24:53,934 - aiogram.dispatcher - WARNING - Sleep for 5.229685 seconds and try again... (tryings = 153, bot id = 7349237883)
2026-03-22 22:25:04,261 - aiogram.dispatcher - ERROR - Failed to fetch updates - TelegramConflictError: Telegram server says - Conflict: terminated by other getUpdates request; make sure that only one bot instance is running
2026-03-22 22:25:04,261 - aiogram.dispatcher - WARNING - Sleep for 4.987236 seconds and try again... (tryings = 154, bot id = 7349237883)
2026-03-22 22:25:14,495 - aiogram.dispatcher - ERROR - Failed to fetch updates - TelegramConflictError: Telegram server says - Conflict: terminated by other getUpdates request; make sure that only one bot instance is running
2026-03-22 22:25:14,496 - aiogram.dispatcher - WARNING - Sleep for 4.842464 seconds and try again... (tryings = 155, bot id = 7349237883)
2026-03-22 22:25:24,309 - aiogram.dispatcher - ERROR - Failed to fetch updates - TelegramConflictError: Telegram server says - Conflict: terminated by other getUpdates request; make sure that only one bot instance is running
2026-03-22 22:25:24,310 - aiogram.dispatcher - WARNING - Sleep for 4.850017 seconds and try again... (tryings = 156, bot id = 7349237883)
2026-03-22 22:25:34,175 - aiogram.dispatcher - ERROR - Failed to fetch updates - TelegramConflictError: Telegram server says - Conflict: terminated by other getUpdates request; make sure that only one bot instance is running
2026-03-22 22:25:34,175 - aiogram.dispatcher - WARNING - Sleep for 5.154080 seconds and try again... (tryings = 157, bot id = 7349237883)
2026-03-22 22:25:44,250 - aiogram.dispatcher - ERROR - Failed to fetch updates - TelegramConflictError: Telegram server says - Conflict: terminated by other getUpdates request; make sure that only one bot instance is running
2026-03-22 22:25:44,250 - aiogram.dispatcher - WARNING - Sleep for 4.991872 seconds and try again... (tryings = 158, bot id = 7349237883)
2026-03-22 22:25:54,189 - aiogram.dispatcher - ERROR - Failed to fetch updates - TelegramConflictError: Telegram server says - Conflict: terminated by other getUpdates request; make sure that only one bot instance is running
2026-03-22 22:25:54,189 - aiogram.dispatcher - WARNING - Sleep for 4.973223 seconds and try again... (tryings = 159, bot id = 7349237883)
2026-03-22 22:26:04,205 - aiogram.dispatcher - ERROR - Failed to fetch updates - TelegramConflictError: Telegram server says - Conflict: terminated by other getUpdates request; make sure that only one bot instance is running
2026-03-22 22:26:04,205 - aiogram.dispatcher - WARNING - Sleep for 5.017632 seconds and try again... (tryings = 160, bot id = 7349237883)
2026-03-22 22:26:14,187 - aiogram.dispatcher - ERROR - Failed to fetch updates - TelegramConflictError: Telegram server says - Conflict: terminated by other getUpdates request; make sure that only one bot instance is running
2026-03-22 22:26:14,187 - aiogram.dispatcher - WARNING - Sleep for 5.202484 seconds and try again... (tryings = 161, bot id = 7349237883)
2026-03-22 22:26:24,358 - aiogram.dispatcher - ERROR - Failed to fetch updates - TelegramConflictError: Telegram server says - Conflict: terminated by other getUpdates request; make sure that only one bot instance is running
2026-03-22 22:26:24,358 - aiogram.dispatcher - WARNING - Sleep for 4.918888 seconds and try again... (tryings = 162, bot id = 7349237883)
2026-03-22 22:26:34,303 - aiogram.dispatcher - ERROR - Failed to fetch updates - TelegramConflictError: Telegram server says - Conflict: terminated by other getUpdates request; make sure that only one bot instance is running
2026-03-22 22:26:34,303 - aiogram.dispatcher - WARNING - Sleep for 5.147165 seconds and try again... (tryings = 163, bot id = 7349237883)
2026-03-22 22:27:11,864 - aiogram.dispatcher - INFO - Start polling
2026-03-22 22:27:12,006 - aiogram.dispatcher - INFO - Run polling for bot @trrrrdbiin_bot id=7349237883 - 'trrrrdbiinbot'
2026-03-22 22:27:20,435 - aiogram.event - INFO - Update id=313221987 is handled. Duration 155 ms by bot id=7349237883
2026-03-23 13:33:23,089 - aiogram.event - INFO - Update id=313221988 is handled. Duration 186 ms by bot id=7349237883
2026-03-23 13:36:45,476 - aiogram.event - INFO - Update id=313221989 is handled. Duration 196953 ms by bot id=7349237883
2026-03-23 18:24:39,020 - aiogram.event - INFO - Update id=313221990 is handled. Duration 208609 ms by bot id=7349237883
2026-03-23 18:50:45,396 - aiogram.event - INFO - Update id=313221991 is handled. Duration 252203 ms by bot id=7349237883
2026-03-23 21:35:34,421 - aiogram.dispatcher - INFO - Polling stopped for bot @trrrrdbiin_bot id=7349237883 - 'trrrrdbiinbot'
2026-03-23 21:35:34,441 - aiogram.dispatcher - INFO - Polling stopped
2026-03-23 22:41:49,719 - aiogram.dispatcher - INFO - Start polling
2026-03-23 22:41:49,921 - aiogram.dispatcher - INFO - Run polling for bot @trrrrdbiin_bot id=7349237883 - 'trrrrdbiinbot'
2026-03-23 22:41:50,095 - aiogram.event - INFO - Update id=313221992 is handled. Duration 140 ms by bot id=7349237883
2026-03-24 06:23:54,500 - aiogram.event - INFO - Update id=313221993 is handled. Duration 188 ms by bot id=7349237883
2026-03-24 06:24:10,390 - aiogram.event - INFO - Update id=313221994 is handled. Duration 702 ms by bot id=7349237883
2026-03-24 06:24:16,581 - aiogram.event - INFO - Update id=313221995 is handled. Duration 63 ms by bot id=7349237883
2026-03-24 09:13:17,289 - aiogram.event - INFO - Update id=313221996 is handled. Duration 217 ms by bot id=7349237883
2026-03-24 09:16:52,424 - aiogram.event - INFO - Update id=313221997 is handled. Duration 209233 ms by bot id=7349237883
2026-03-24 11:28:24,322 - aiogram.event - INFO - Update id=313221998 is handled. Duration 198796 ms by bot id=7349237883
2026-03-24 11:46:04,313 - aiogram.event - INFO - Update id=313221999 is handled. Duration 94 ms by bot id=7349237883
